Microchip MPLAB XC8 Compiler V2.45

Linker command line:

-W-3 \
  --edf=C:/Users/ADMIN/.mchp_packs/Microchip/PIC16Fxxx_DFP/1.6.156/xc8\pic\dat\20231012211500_en.msgs \
  -cn -h+dist/default/debug\LCD_SERVO_DONE.X.debug.sym \
  --cmf=dist/default/debug\LCD_SERVO_DONE.X.debug.cmf -z -Q16F887 \
  -oC:\Users\ADMIN\AppData\Local\Temp\xcAs2jg.\driver_tmp_3.o \
  --defsym=__MPLAB_BUILD=1 --fixupoverflow=error \
  -Mdist/default/debug/LCD_SERVO_DONE.X.debug.map \
  --md=C:\Users\ADMIN\AppData\Local\Temp\xcAs2jg.\driver_tmp_0.dat -E1 \
  -ver=XC8 Compiler --acfsm=1493 -ACODE=00h-07FFhx3,01800h-01EFFh \
  -ASTRCODE=00h-01EFFh -ASTRING=00h-0FFhx31 -ACONST=00h-0FFhx31 \
  -AENTRY=00h-0FFhx31 -ACOMMON=071h-07Fh -ABANK0=020h-06Fh \
  -ABANK1=0A0h-0EFh -ABANK2=0110h-016Fh -ABANK3=0190h-01E4h \
  -ARAM=020h-06Fh,0A0h-0EFh,0110h-016Fh,0190h-01E4h \
  -AABS1=020h-07Fh,0A0h-0EFh,0110h-016Fh,0190h-01EFh -ASFR0=00h-01Fh \
  -ASFR1=080h-09Fh -ASFR2=0100h-010Fh -ASFR3=0180h-018Fh \
  -ACONFIG=02007h-02008h -DCONFIG=2 -AIDLOC=02000h-02003h -DIDLOC=2 \
  -AEEDATA=00h-0FFh/02100h -peeprom_data=EEDATA -DEEDATA=2 -DCODE=2 \
  -DSTRCODE=2 -DSTRING=2 -DCONST=2 -DENTRY=2 \
  -preset_vec=00h,intentry,init,end_init -ppowerup=CODE -pcinit=CODE \
  -pfunctab=ENTRY -k \
  C:\Users\ADMIN\AppData\Local\Temp\xcAs2jg.\driver_tmp_17.o \
  dist/default/debug\LCD_SERVO_DONE.X.debug.o 

Object code version is 3.11

Machine type is 16F887



                Name                               Link     Load   Length Selector   Space Scale
C:\Users\ADMIN\AppData\Local\Temp\xcAs2jg.\driver_tmp_17.o
                end_init                              1        1        3        0       0
                reset_vec                             0        0        1        0       0
                config                             2007     2007        2        0       4
dist/default/debug\LCD_SERVO_DONE.X.debug.o
                cinit                               7EB      7EB       15      FD6       0
                config                             2007     2007        2        0       4
                text26                              179      179       18      2F2       0
                text25                              1D9      1D9       1D      3B2       0
                text24                              191      191       18      322       0
                text23                              134      134       17      268       0
                text22                              236      236       22      46C       0
                text21                              1A9      1A9       18      352       0
                text20                              14B      14B       17      296       0
                text19                              258      258       22      4B0       0
                text18                              1C1      1C1       18      382       0
                text17                              162      162       17      2C4       0
                text16                              27A      27A       22      4F4       0
                text15                              2C4      2C4       2C      588       0
                text14                              361      361       40      6C2       0
                text13                              2F0      2F0       37      5E0       0
                text12                              513      513       9D      A26       0
                text11                              327      327       3A      64E       0
                text10                              3A1      3A1       58      742       0
                text9                               29C      29C       28      538       0
                text8                               4AC      4AC       67      958       0
                text7                               3F9      3F9       59      7F2       0
                text6                               123      123       11      246       0
                text5                               113      113        8      226       0
                text4                               452      452       5A      8A4       0
                text3                               5B0      5B0       ED      B60       0
                text2                               215      215       21      42A       0
                text1                               1F6      1F6       1F      3EC       0
                maintext                            69D      69D      14E      D3A       0
                cstackBANK0                          20       20       3D       20       1
                cstackCOMMON                         71       71        D       71       1
                clrtext                             11B      11B        8      236       0
                bssBANK1                             A0       A0       20       A0       1
                bssBANK0                             5D       5D        D       20       1
                strings                               4        4       4A        8       0

TOTAL           Name                               Link     Load   Length     Space
        CLASS   CODE           
                end_init                              1        1        3         0
                cinit                               7EB      7EB       15         0
                reset_vec                             0        0        1         0
                text26                              179      179       18         0
                text25                              1D9      1D9       1D         0
                text24                              191      191       18         0
                text23                              134      134       17         0
                text22                              236      236       22         0
                text21                              1A9      1A9       18         0
                text20                              14B      14B       17         0
                text19                              258      258       22         0
                text18                              1C1      1C1       18         0
                text17                              162      162       17         0
                text16                              27A      27A       22         0
                text15                              2C4      2C4       2C         0
                text14                              361      361       40         0
                text13                              2F0      2F0       37         0
                text12                              513      513       9D         0
                text11                              327      327       3A         0
                text10                              3A1      3A1       58         0
                text9                               29C      29C       28         0
                text8                               4AC      4AC       67         0
                text7                               3F9      3F9       59         0
                text6                               123      123       11         0
                text5                               113      113        8         0
                text4                               452      452       5A         0
                text3                               5B0      5B0       ED         0
                text2                               215      215       21         0
                text1                               1F6      1F6       1F         0
                maintext                            69D      69D      14E         0
                clrtext                             11B      11B        8         0

        CLASS   STRCODE        

        CLASS   STRING         
                strings                               4        4       4A         0

        CLASS   CONST          

        CLASS   ENTRY          

        CLASS   COMMON         
                cstackCOMMON                         71       71        D         1

        CLASS   BANK0          
                cstackBANK0                          20       20       3D         1
                bssBANK0                             5D       5D        D         1

        CLASS   BANK1          
                bssBANK1                             A0       A0       20         1

        CLASS   BANK2          

        CLASS   BANK3          

        CLASS   RAM            

        CLASS   ABS1           
                abs_s1                               7E       7E        2         1

        CLASS   SFR0           

        CLASS   SFR1           

        CLASS   SFR2           

        CLASS   SFR3           

        CLASS   CONFIG         
                config                             2007     2007        2         4

        CLASS   IDLOC          

        CLASS   EEDATA         

        CLASS   HEAP           

        CLASS   STACK          



SEGMENTS        Name                           Load    Length   Top    Selector   Space  Class     Delta

                reset_vec                      000000  000004  000004         0       0  CODE        2
                strings                        000004  00004A  00004E         8       0  STRING      2
                cstackBANK0                    000020  00004A  00006A        20       1  BANK0       1
                cstackCOMMON                   000071  00000D  00007E        71       1  COMMON      1
                bssBANK1                       0000A0  000020  0000C0        A0       1  BANK1       1
                text5                          000113  000008  00011B       226       0  CODE        2
                clrtext                        00011B  000008  000123       236       0  CODE        2
                text6                          000123  000011  000134       246       0  CODE        2
                text23                         000134  000017  00014B       268       0  CODE        2
                text20                         00014B  000017  000162       296       0  CODE        2
                text17                         000162  000017  000179       2C4       0  CODE        2
                text26                         000179  000018  000191       2F2       0  CODE        2
                text24                         000191  000018  0001A9       322       0  CODE        2
                text21                         0001A9  000018  0001C1       352       0  CODE        2
                text18                         0001C1  000018  0001D9       382       0  CODE        2
                text25                         0001D9  00001D  0001F6       3B2       0  CODE        2
                text1                          0001F6  00001F  000215       3EC       0  CODE        2
                text2                          000215  000021  000236       42A       0  CODE        2
                text22                         000236  000022  000258       46C       0  CODE        2
                text19                         000258  000022  00027A       4B0       0  CODE        2
                text16                         00027A  000022  00029C       4F4       0  CODE        2
                text9                          00029C  000028  0002C4       538       0  CODE        2
                text15                         0002C4  00002C  0002F0       588       0  CODE        2
                text13                         0002F0  000037  000327       5E0       0  CODE        2
                text11                         000327  00003A  000361       64E       0  CODE        2
                text14                         000361  000040  0003A1       6C2       0  CODE        2
                text10                         0003A1  000058  0003F9       742       0  CODE        2
                text7                          0003F9  000059  000452       7F2       0  CODE        2
                text4                          000452  00005A  0004AC       8A4       0  CODE        2
                text8                          0004AC  000067  000513       958       0  CODE        2
                text12                         000513  00009D  0005B0       A26       0  CODE        2
                text3                          0005B0  0000ED  00069D       B60       0  CODE        2
                maintext                       00069D  00014E  0007EB       D3A       0  CODE        2
                cinit                          0007EB  000015  000800       FD6       0  CODE        2


UNUSED ADDRESS RANGES

        Name                Unused          Largest block    Delta
        BANK0            006A-006F              6           1
        BANK1            00C0-00EF             30           1
        BANK2            0110-016F             60           1
        BANK3            0190-01E4             55           1
        CODE             004E-0112             C5           2
                         0800-1EFF            800
        CONST            004E-0112             B2           2
                         0800-1EFF            100
        EEDATA           2100-21FF            100           2
        ENTRY            004E-0112             B2           2
                         0800-1EFF            100
        IDLOC            2000-2003              4           2
        RAM              006A-006F              6           1
                         00C0-00EF             30
                         0110-016F             60
                         0190-01E4             55
        SFR0             0000-001F             20           1
        SFR1             0080-009F             20           1
        SFR2             0100-010F             10           1
        SFR3             0180-018F             10           1
        STRCODE          004E-0112             C5           2
                         0800-1EFF           1700
        STRING           004E-0112             B2           2
                         0800-1EFF            100

                                  Symbol Table

?___awdiv                cstackCOMMON 0071
?___awmod                cstackCOMMON 0071
?_abs                    cstackCOMMON 0077
?_sprintf                cstackBANK0  0038
?_vfprintf               cstackBANK0  0034
_ANSEL                   (abs)        0188
_ANSELH                  (abs)        0189
_INTCONbits              (abs)        000B
_OPTION_REGbits          (abs)        0081
_PIC_Config              text26       0179
_PORTB                   (abs)        0006
_PORTBbits               (abs)        0006
_PORTC                   (abs)        0007
_RC0                     (abs)        0038
_RC1                     (abs)        0039
_RC2                     (abs)        003A
_RD0                     (abs)        0040
_RD1                     (abs)        0041
_RD2                     (abs)        0042
_RD4                     (abs)        0044
_RD5                     (abs)        0045
_RD6                     (abs)        0046
_RD7                     (abs)        0047
_SP_CAO                  text22       0236
_SP_THAP                 text19       0258
_SP_VUA                  text16       027A
_TMR0                    (abs)        0001
_TRISB                   (abs)        0086
_TRISC                   (abs)        0087
_TRISD0                  (abs)        0440
_TRISD1                  (abs)        0441
_TRISD2                  (abs)        0442
_TRISD4                  (abs)        0444
_TRISD5                  (abs)        0445
_TRISD6                  (abs)        0446
_TRISD7                  (abs)        0447
__H__absolute__          __absolute__ 0000
__Habs1                  abs1         0000
__Hbank0                 bank0        0000
__Hbank1                 bank1        0000
__Hbank2                 bank2        0000
__Hbank3                 bank3        0000
__HbssBANK0              bssBANK0     0000
__HbssBANK1              bssBANK1     0000
__Hcinit                 cinit        0800
__Hclrtext               clrtext      0000
__Hcode                  code         0000
__Hcommon                common       0000
__Hconfig                config       2009
__HcstackBANK0           cstackBANK0  0000
__HcstackCOMMON          cstackCOMMON 0000
__Heeprom_data           eeprom_data  0000
__Hend_init              end_init     0004
__Hfunctab               functab      0000
__Hheap                  heap         0000
__Hinit                  init         0001
__Hintentry              intentry     0001
__Hmaintext              maintext     0000
__Hpowerup               powerup      0000
__Hram                   ram          0000
__Hreset_vec             reset_vec    0001
__Hsfr0                  sfr0         0000
__Hsfr1                  sfr1         0000
__Hsfr2                  sfr2         0000
__Hsfr3                  sfr3         0000
__Hspace_0               (abs)        0800
__Hspace_1               (abs)        00C0
__Hspace_2               (abs)        0000
__Hspace_3               (abs)        0000
__Hspace_4               (abs)        4010
__Hstack                 stack        0000
__Hstrings               strings      0000
__Htext                  text         0000
__L__absolute__          __absolute__ 0000
__Labs1                  abs1         0000
__Lbank0                 bank0        0000
__Lbank1                 bank1        0000
__Lbank2                 bank2        0000
__Lbank3                 bank3        0000
__LbssBANK0              bssBANK0     0000
__LbssBANK1              bssBANK1     0000
__Lcinit                 cinit        07EB
__Lclrtext               clrtext      0000
__Lcode                  code         0000
__Lcommon                common       0000
__Lconfig                config       0000
__LcstackBANK0           cstackBANK0  0000
__LcstackCOMMON          cstackCOMMON 0000
__Leeprom_data           eeprom_data  0000
__Lend_init              end_init     0001
__Lfunctab               functab      0000
__Lheap                  heap         0000
__Linit                  init         0001
__Lintentry              intentry     0001
__Lmaintext              maintext     0000
__Lpowerup               powerup      0000
__Lram                   ram          0000
__Lreset_vec             reset_vec    0000
__Lsfr0                  sfr0         0000
__Lsfr1                  sfr1         0000
__Lsfr2                  sfr2         0000
__Lsfr3                  sfr3         0000
__Lspace_0               (abs)        0000
__Lspace_1               (abs)        0000
__Lspace_2               (abs)        0000
__Lspace_3               (abs)        0000
__Lspace_4               (abs)        0000
__Lstack                 stack        0000
__Lstrings               strings      0000
__Ltext                  text         0000
__S0                     (abs)        0800
__S1                     (abs)        00C0
__S3                     (abs)        0000
___awdiv                 text8        04AC
___awdiv@counter         cstackCOMMON 0075
___awdiv@dividend        cstackCOMMON 0073
___awdiv@divisor         cstackCOMMON 0071
___awdiv@quotient        cstackCOMMON 0077
___awdiv@sign            cstackCOMMON 0076
___awmod                 text7        03F9
___awmod@counter         cstackCOMMON 0075
___awmod@dividend        cstackCOMMON 0073
___awmod@divisor         cstackCOMMON 0071
___awmod@sign            cstackCOMMON 0076
___heap_hi               (abs)        0000
___heap_lo               (abs)        0000
___int_sp                stack        0000
___int_stack_hi          stack        0000
___int_stack_lo          stack        0000
___latbits               (abs)        0002
___sp                    stack        0000
___stack_hi              stack        0000
___stack_lo              stack        0000
___stackhi               (abs)        0000
___stacklo               (abs)        0000
__end_of_PIC_Config      text26       0191
__end_of_SP_CAO          text22       0258
__end_of_SP_THAP         text19       027A
__end_of_SP_VUA          text16       029C
__end_of___awdiv         text8        0513
__end_of___awmod         text7        0452
__end_of__initialization cinit        07FC
__end_of__stringtab      strings      0014
__end_of_abs             text6        0134
__end_of_delayTimer0     text25       01F6
__end_of_fputc           text4        04AC
__end_of_lcd_busy        text15       02F0
__end_of_lcd_gotoxy      text11       0361
__end_of_lcd_init        text12       05B0
__end_of_lcd_put_byte    text13       0327
__end_of_lcd_put_nibble  text14       03A1
__end_of_lcd_putc        text10       03F9
__end_of_lcd_puts        text9        02C4
__end_of_main            maintext     07EB
__end_of_putch           text5        011B
__end_of_servo_xoay_G    text24       01A9
__end_of_servo_xoay_G2   text21       01C1
__end_of_servo_xoay_G3   text18       01D9
__end_of_servo_xoay_P    text23       014B
__end_of_servo_xoay_P2   text20       0162
__end_of_servo_xoay_P3   text17       0179
__end_of_sprintf         text1        0215
__end_of_trai_tim        strings      001C
__end_of_vfpfcnvrt       text3        069D
__end_of_vfprintf        text2        0236
__initialization         cinit        07EB
__pbssBANK0              bssBANK0     005D
__pbssBANK1              bssBANK1     00A0
__pcstackBANK0           cstackBANK0  0020
__pcstackCOMMON          cstackCOMMON 0071
__pmaintext              maintext     069D
__pstrings               strings      0004
__ptext1                 text1        01F6
__ptext10                text10       03A1
__ptext11                text11       0327
__ptext12                text12       0513
__ptext13                text13       02F0
__ptext14                text14       0361
__ptext15                text15       02C4
__ptext16                text16       027A
__ptext17                text17       0162
__ptext18                text18       01C1
__ptext19                text19       0258
__ptext2                 text2        0215
__ptext20                text20       014B
__ptext21                text21       01A9
__ptext22                text22       0236
__ptext23                text23       0134
__ptext24                text24       0191
__ptext25                text25       01D9
__ptext26                text26       0179
__ptext3                 text3        05B0
__ptext4                 text4        0452
__ptext5                 text5        0113
__ptext6                 text6        0123
__ptext7                 text7        03F9
__ptext8                 text8        04AC
__ptext9                 text9        029C
__stringbase             strings      0013
__stringtab              strings      0004
_abs                     text6        0123
_dbuf                    bssBANK1     00A0
_delayTimer0             text25       01D9
_flag_cao                bssBANK0     0065
_flag_thap               bssBANK0     0064
_flag_tong               bssBANK0     0062
_flag_vua                bssBANK0     0063
_flags                   bssBANK0     0061
_fputc                   text4        0452
_lcd_busy                text15       02C4
_lcd_gotoxy              text11       0327
_lcd_init                text12       0513
_lcd_put_byte            text13       02F0
_lcd_put_nibble          text14       0361
_lcd_putc                text10       03A1
_lcd_puts                text9        029C
_main                    maintext     069D
_prec                    bssBANK0     005F
_putch                   text5        0113
_servo_xoay_G            text24       0191
_servo_xoay_G2           text21       01A9
_servo_xoay_G3           text18       01C1
_servo_xoay_P            text23       0134
_servo_xoay_P2           text20       014B
_servo_xoay_P3           text17       0162
_sp_cao                  bssBANK0     0069
_sp_thap                 bssBANK0     0068
_sp_vua                  bssBANK0     0067
_sprintf                 text1        01F6
_tong                    bssBANK0     0066
_trai_tim                strings      0014
_vfpfcnvrt               text3        05B0
_vfprintf                text2        0215
_width                   bssBANK0     005D
abs@a                    cstackCOMMON 0077
btemp                    (abs)        007E
clear_ram0               clrtext      011B
delayTimer0@t            cstackCOMMON 0071
end_of_initialization    cinit        07FC
fputc@c                  cstackBANK0  0020
fputc@fp                 cstackBANK0  0022
intlevel0                functab      0000
intlevel1                functab      0000
intlevel2                functab      0000
intlevel3                functab      0000
intlevel4                functab      0000
intlevel5                functab      0000
lcd_busy@busy            cstackCOMMON 0072
lcd_gotoxy@address       cstackCOMMON 0078
lcd_gotoxy@col           cstackCOMMON 0079
lcd_gotoxy@row           cstackCOMMON 0077
lcd_put_byte@b           cstackCOMMON 0074
lcd_put_byte@rs          cstackCOMMON 0076
lcd_put_nibble@b         cstackCOMMON 0072
lcd_put_nibble@temp      cstackCOMMON 0073
lcd_putc@c               cstackCOMMON 007C
lcd_puts@s               cstackBANK0  0020
main@buffer              cstackBANK0  004B
main@i                   cstackBANK0  005B
putch@c                  cstackCOMMON 007D
reset_vec                reset_vec    0000
sprintf@ap               cstackBANK0  003C
sprintf@f                cstackBANK0  003E
sprintf@fmt              cstackBANK0  0038
sprintf@s                cstackBANK0  003D
start                    init         0001
start_initialization     cinit        07EB
vfpfcnvrt@ap             cstackBANK0  0029
vfpfcnvrt@c              cstackBANK0  0033
vfpfcnvrt@convarg        cstackBANK0  002F
vfpfcnvrt@cp             cstackBANK0  002E
vfpfcnvrt@done           cstackBANK0  002C
vfpfcnvrt@fmt            cstackBANK0  0028
vfpfcnvrt@fp             cstackBANK0  002D
vfprintf@ap              cstackBANK0  0035
vfprintf@cfmt            cstackBANK0  0037
vfprintf@fmt             cstackBANK0  0034
vfprintf@fp              cstackBANK0  0036
wtemp0                   (abs)        007E


MODULE INFORMATION

Module		Function		Class		Link	Load	Size
C:\Program Files\Microchip\xc8\v2.45\pic\sources\c99\common\nf_sprintf.c
		_sprintf       		CODE           	01F6	0000	31

C:\Program Files\Microchip\xc8\v2.45\pic\sources\c99\common\nf_sprintf.c estimated size: 31

C:\Program Files\Microchip\xc8\v2.45\pic\sources\c99\common\awmod.c
		___awmod       		CODE           	03F9	0000	89

C:\Program Files\Microchip\xc8\v2.45\pic\sources\c99\common\awmod.c estimated size: 89

TEST_LCD_SERVO.c
		_SP_VUA        		CODE           	027A	0000	34
		_delayTimer0   		CODE           	01D9	0000	29
		_main          		CODE           	069D	0000	334
		_SP_THAP       		CODE           	0258	0000	34
		_SP_CAO        		CODE           	0236	0000	34
		_servo_xoay_G  		CODE           	0191	0000	24
		_servo_xoay_P  		CODE           	0134	0000	23
		_servo_xoay_G2 		CODE           	01A9	0000	24
		_servo_xoay_G3 		CODE           	01C1	0000	24
		_servo_xoay_P2 		CODE           	014B	0000	23
		_servo_xoay_P3 		CODE           	0162	0000	23
		_PIC_Config    		CODE           	0179	0000	24

TEST_LCD_SERVO.c estimated size: 630

shared
		__stringtab    		STRING         	0004	0000	16
		_trai_tim      		STRING         	0014	0000	8
		__initialization		CODE           	07EB	0000	17

shared estimated size: 41

C:\Program Files\Microchip\xc8\v2.45\pic\sources\c99\common\abs.c
		_abs           		CODE           	0123	0000	17

C:\Program Files\Microchip\xc8\v2.45\pic\sources\c99\common\abs.c estimated size: 17

lcd.c
		_lcd_busy      		CODE           	02C4	0000	44
		_lcd_putc      		CODE           	03A1	0000	88
		_lcd_puts      		CODE           	029C	0000	40
		_putch         		CODE           	0113	0000	8
		_lcd_put_byte  		CODE           	02F0	0000	55
		_lcd_put_nibble		CODE           	0361	0000	64
		_lcd_gotoxy    		CODE           	0327	0000	58
		_lcd_init      		CODE           	0513	0000	157

lcd.c estimated size: 514

C:\Program Files\Microchip\xc8\v2.45\pic\sources\c99\common\nf_fputc.c
		_fputc         		CODE           	0452	0000	90

C:\Program Files\Microchip\xc8\v2.45\pic\sources\c99\common\nf_fputc.c estimated size: 90

C:\Program Files\Microchip\xc8\v2.45\pic\sources\c99\common\doprnt.c
		_vfpfcnvrt     		CODE           	05B0	0000	237
		_vfprintf      		CODE           	0215	0000	33

C:\Program Files\Microchip\xc8\v2.45\pic\sources\c99\common\doprnt.c estimated size: 270

C:\Program Files\Microchip\xc8\v2.45\pic\sources\c99\common\awdiv.c
		___awdiv       		CODE           	04AC	0000	103

C:\Program Files\Microchip\xc8\v2.45\pic\sources\c99\common\awdiv.c estimated size: 103

