Microchip MPLAB XC8 Compiler V2.45

Linker command line:

-W-3 \
  --edf=C:/Users/ADMIN/.mchp_packs/Microchip/PIC16Fxxx_DFP/1.6.156/xc8\pic\dat\20231012211500_en.msgs \
  -cn -h+dist/default/production\LCD_SERVO_DONE.X.production.sym \
  --cmf=dist/default/production\LCD_SERVO_DONE.X.production.cmf -z -Q16F887 \
  -oC:\Users\ADMIN\AppData\Local\Temp\xcAsdho.\driver_tmp_3.o \
  --defsym=__MPLAB_BUILD=1 --fixupoverflow=error \
  -Mdist/default/production/LCD_SERVO_DONE.X.production.map \
  --md=C:\Users\ADMIN\AppData\Local\Temp\xcAsdho.\driver_tmp_0.dat -E1 \
  -ver=XC8 Compiler --acfsm=1493 -ACODE=00h-07FFhx4 -ASTRCODE=00h-01FFFh \
  -ASTRING=00h-0FFhx32 -ACONST=00h-0FFhx32 -AENTRY=00h-0FFhx32 \
  -ACOMMON=070h-07Fh -ABANK0=020h-06Fh -ABANK1=0A0h-0EFh \
  -ABANK2=0110h-016Fh -ABANK3=0190h-01EFh \
  -ARAM=020h-06Fh,0A0h-0EFh,0110h-016Fh,0190h-01EFh \
  -AABS1=020h-07Fh,0A0h-0EFh,0110h-016Fh,0190h-01EFh -ASFR0=00h-01Fh \
  -ASFR1=080h-09Fh -ASFR2=0100h-010Fh -ASFR3=0180h-018Fh \
  -ACONFIG=02007h-02008h -DCONFIG=2 -AIDLOC=02000h-02003h -DIDLOC=2 \
  -AEEDATA=00h-0FFh/02100h -peeprom_data=EEDATA -DEEDATA=2 -DCODE=2 \
  -DSTRCODE=2 -DSTRING=2 -DCONST=2 -DENTRY=2 \
  -preset_vec=00h,intentry,init,end_init -ppowerup=CODE -pcinit=CODE \
  -pfunctab=ENTRY -k \
  C:\Users\ADMIN\AppData\Local\Temp\xcAsdho.\driver_tmp_17.o \
  dist/default/production\LCD_SERVO_DONE.X.production.o 

Object code version is 3.11

Machine type is 16F887



                Name                               Link     Load   Length Selector   Space Scale
C:\Users\ADMIN\AppData\Local\Temp\xcAsdho.\driver_tmp_17.o
                end_init                              0        0        3        0       0
                config                             2007     2007        2        0       4
dist/default/production\LCD_SERVO_DONE.X.production.o
                cinit                               7EB      7EB       15      FD6       0
                config                             2007     2007        2        0       4
                text26                              18B      18B       18      316       0
                text25                              1EB      1EB       1D      3D6       0
                text24                              1A3      1A3       18      346       0
                text23                              146      146       17      28C       0
                text22                              248      248       22      490       0
                text21                              1BB      1BB       18      376       0
                text20                              15D      15D       17      2BA       0
                text19                              26A      26A       22      4D4       0
                text18                              1D3      1D3       18      3A6       0
                text17                              174      174       17      2E8       0
                text16                              28C      28C       22      518       0
                text15                              2D4      2D4       2C      5A8       0
                text14                              371      371       40      6E2       0
                text13                              300      300       37      600       0
                text12                              523      523       9D      A46       0
                text11                              337      337       3A      66E       0
                text10                              3B1      3B1       58      762       0
                text9                               2AE      2AE       26      55C       0
                text8                               4BC      4BC       67      978       0
                text7                               409      409       59      812       0
                text6                               135      135       11      26A       0
                text5                               125      125        8      24A       0
                text4                               462      462       5A      8C4       0
                text3                               5C0      5C0       ED      B80       0
                text2                               227      227       21      44E       0
                text1                               208      208       1F      410       0
                maintext                            6AD      6AD      13E      D5A       0
                cstackBANK0                          20       20       3C       20       1
                cstackCOMMON                         70       70        E       70       1
                clrtext                             12D      12D        8      25A       0
                bssBANK1                             A0       A0       20       A0       1
                bssBANK0                             5C       5C        D       20       1
                strings                               3        3       4A        6       0

TOTAL           Name                               Link     Load   Length     Space
        CLASS   CODE           
                end_init                              0        0        3         0
                cinit                               7EB      7EB       15         0
                text26                              18B      18B       18         0
                text25                              1EB      1EB       1D         0
                text24                              1A3      1A3       18         0
                text23                              146      146       17         0
                text22                              248      248       22         0
                text21                              1BB      1BB       18         0
                text20                              15D      15D       17         0
                text19                              26A      26A       22         0
                text18                              1D3      1D3       18         0
                text17                              174      174       17         0
                text16                              28C      28C       22         0
                text15                              2D4      2D4       2C         0
                text14                              371      371       40         0
                text13                              300      300       37         0
                text12                              523      523       9D         0
                text11                              337      337       3A         0
                text10                              3B1      3B1       58         0
                text9                               2AE      2AE       26         0
                text8                               4BC      4BC       67         0
                text7                               409      409       59         0
                text6                               135      135       11         0
                text5                               125      125        8         0
                text4                               462      462       5A         0
                text3                               5C0      5C0       ED         0
                text2                               227      227       21         0
                text1                               208      208       1F         0
                maintext                            6AD      6AD      13E         0
                clrtext                             12D      12D        8         0

        CLASS   STRCODE        

        CLASS   STRING         
                strings                               3        3       4A         0

        CLASS   CONST          

        CLASS   ENTRY          

        CLASS   COMMON         
                cstackCOMMON                         70       70        E         1

        CLASS   BANK0          
                cstackBANK0                          20       20       3C         1
                bssBANK0                             5C       5C        D         1

        CLASS   BANK1          
                bssBANK1                             A0       A0       20         1

        CLASS   BANK2          

        CLASS   BANK3          

        CLASS   RAM            

        CLASS   ABS1           
                abs_s1                               7E       7E        2         1

        CLASS   SFR0           

        CLASS   SFR1           

        CLASS   SFR2           

        CLASS   SFR3           

        CLASS   CONFIG         
                config                             2007     2007        2         4

        CLASS   IDLOC          

        CLASS   EEDATA         

        CLASS   HEAP           

        CLASS   STACK          



SEGMENTS        Name                           Load    Length   Top    Selector   Space  Class     Delta

                reset_vec                      000000  000003  000003         0       0  CODE        2
                strings                        000003  00004A  00004D         6       0  STRING      2
                cstackBANK0                    000020  000049  000069        20       1  BANK0       1
                cstackCOMMON                   000070  00000E  00007E        70       1  COMMON      1
                bssBANK1                       0000A0  000020  0000C0        A0       1  BANK1       1
                text5                          000125  000008  00012D       24A       0  CODE        2
                clrtext                        00012D  000008  000135       25A       0  CODE        2
                text6                          000135  000011  000146       26A       0  CODE        2
                text23                         000146  000017  00015D       28C       0  CODE        2
                text20                         00015D  000017  000174       2BA       0  CODE        2
                text17                         000174  000017  00018B       2E8       0  CODE        2
                text26                         00018B  000018  0001A3       316       0  CODE        2
                text24                         0001A3  000018  0001BB       346       0  CODE        2
                text21                         0001BB  000018  0001D3       376       0  CODE        2
                text18                         0001D3  000018  0001EB       3A6       0  CODE        2
                text25                         0001EB  00001D  000208       3D6       0  CODE        2
                text1                          000208  00001F  000227       410       0  CODE        2
                text2                          000227  000021  000248       44E       0  CODE        2
                text22                         000248  000022  00026A       490       0  CODE        2
                text19                         00026A  000022  00028C       4D4       0  CODE        2
                text16                         00028C  000022  0002AE       518       0  CODE        2
                text9                          0002AE  000026  0002D4       55C       0  CODE        2
                text15                         0002D4  00002C  000300       5A8       0  CODE        2
                text13                         000300  000037  000337       600       0  CODE        2
                text11                         000337  00003A  000371       66E       0  CODE        2
                text14                         000371  000040  0003B1       6E2       0  CODE        2
                text10                         0003B1  000058  000409       762       0  CODE        2
                text7                          000409  000059  000462       812       0  CODE        2
                text4                          000462  00005A  0004BC       8C4       0  CODE        2
                text8                          0004BC  000067  000523       978       0  CODE        2
                text12                         000523  00009D  0005C0       A46       0  CODE        2
                text3                          0005C0  0000ED  0006AD       B80       0  CODE        2
                maintext                       0006AD  00013E  0007EB       D5A       0  CODE        2
                cinit                          0007EB  000015  000800       FD6       0  CODE        2


UNUSED ADDRESS RANGES

        Name                Unused          Largest block    Delta
        BANK0            0069-006F              7           1
        BANK1            00C0-00EF             30           1
        BANK2            0110-016F             60           1
        BANK3            0190-01EF             60           1
        CODE             004D-0124             D8           2
                         0800-1FFF            800
        CONST            004D-0124             B3           2
                         0800-1FFF            100
        EEDATA           2100-21FF            100           2
        ENTRY            004D-0124             B3           2
                         0800-1FFF            100
        IDLOC            2000-2003              4           2
        RAM              0069-006F              7           1
                         00C0-00EF             30
                         0110-016F             60
                         0190-01EF             60
        SFR0             0000-001F             20           1
        SFR1             0080-009F             20           1
        SFR2             0100-010F             10           1
        SFR3             0180-018F             10           1
        STRCODE          004D-0124             D8           2
                         0800-1FFF           1800
        STRING           004D-0124             B3           2
                         0800-1FFF            100

                                  Symbol Table

?___awdiv                cstackCOMMON 0070
?___awmod                cstackCOMMON 0070
?_abs                    cstackCOMMON 0076
?_sprintf                cstackBANK0  0038
?_vfprintf               cstackBANK0  0034
_ANSEL                   (abs)        0188
_ANSELH                  (abs)        0189
_INTCONbits              (abs)        000B
_OPTION_REGbits          (abs)        0081
_PIC_Config              text26       018B
_PORTB                   (abs)        0006
_PORTBbits               (abs)        0006
_PORTC                   (abs)        0007
_RC0                     (abs)        0038
_RC1                     (abs)        0039
_RC2                     (abs)        003A
_RD0                     (abs)        0040
_RD1                     (abs)        0041
_RD2                     (abs)        0042
_RD4                     (abs)        0044
_RD5                     (abs)        0045
_RD6                     (abs)        0046
_RD7                     (abs)        0047
_SP_CAO                  text22       0248
_SP_THAP                 text19       026A
_SP_VUA                  text16       028C
_TMR0                    (abs)        0001
_TRISB                   (abs)        0086
_TRISC                   (abs)        0087
_TRISD0                  (abs)        0440
_TRISD1                  (abs)        0441
_TRISD2                  (abs)        0442
_TRISD4                  (abs)        0444
_TRISD5                  (abs)        0445
_TRISD6                  (abs)        0446
_TRISD7                  (abs)        0447
__H__absolute__          __absolute__ 0000
__Habs1                  abs1         0000
__Hbank0                 bank0        0000
__Hbank1                 bank1        0000
__Hbank2                 bank2        0000
__Hbank3                 bank3        0000
__HbssBANK0              bssBANK0     0000
__HbssBANK1              bssBANK1     0000
__Hcinit                 cinit        0800
__Hclrtext               clrtext      0000
__Hcode                  code         0000
__Hcommon                common       0000
__Hconfig                config       2009
__HcstackBANK0           cstackBANK0  0000
__HcstackCOMMON          cstackCOMMON 0000
__Heeprom_data           eeprom_data  0000
__Hend_init              end_init     0003
__Hfunctab               functab      0000
__Hheap                  heap         0000
__Hinit                  init         0000
__Hintentry              intentry     0000
__Hmaintext              maintext     0000
__Hpowerup               powerup      0000
__Hram                   ram          0000
__Hreset_vec             reset_vec    0000
__Hsfr0                  sfr0         0000
__Hsfr1                  sfr1         0000
__Hsfr2                  sfr2         0000
__Hsfr3                  sfr3         0000
__Hspace_0               (abs)        0800
__Hspace_1               (abs)        00C0
__Hspace_2               (abs)        0000
__Hspace_3               (abs)        0000
__Hspace_4               (abs)        4010
__Hstack                 stack        0000
__Hstrings               strings      0000
__Htext                  text         0000
__L__absolute__          __absolute__ 0000
__Labs1                  abs1         0000
__Lbank0                 bank0        0000
__Lbank1                 bank1        0000
__Lbank2                 bank2        0000
__Lbank3                 bank3        0000
__LbssBANK0              bssBANK0     0000
__LbssBANK1              bssBANK1     0000
__Lcinit                 cinit        07EB
__Lclrtext               clrtext      0000
__Lcode                  code         0000
__Lcommon                common       0000
__Lconfig                config       0000
__LcstackBANK0           cstackBANK0  0000
__LcstackCOMMON          cstackCOMMON 0000
__Leeprom_data           eeprom_data  0000
__Lend_init              end_init     0000
__Lfunctab               functab      0000
__Lheap                  heap         0000
__Linit                  init         0000
__Lintentry              intentry     0000
__Lmaintext              maintext     0000
__Lpowerup               powerup      0000
__Lram                   ram          0000
__Lreset_vec             reset_vec    0000
__Lsfr0                  sfr0         0000
__Lsfr1                  sfr1         0000
__Lsfr2                  sfr2         0000
__Lsfr3                  sfr3         0000
__Lspace_0               (abs)        0000
__Lspace_1               (abs)        0000
__Lspace_2               (abs)        0000
__Lspace_3               (abs)        0000
__Lspace_4               (abs)        0000
__Lstack                 stack        0000
__Lstrings               strings      0000
__Ltext                  text         0000
__S0                     (abs)        0800
__S1                     (abs)        00C0
__S3                     (abs)        0000
___awdiv                 text8        04BC
___awdiv@counter         cstackCOMMON 0074
___awdiv@dividend        cstackCOMMON 0072
___awdiv@divisor         cstackCOMMON 0070
___awdiv@quotient        cstackCOMMON 0076
___awdiv@sign            cstackCOMMON 0075
___awmod                 text7        0409
___awmod@counter         cstackCOMMON 0074
___awmod@dividend        cstackCOMMON 0072
___awmod@divisor         cstackCOMMON 0070
___awmod@sign            cstackCOMMON 0075
___heap_hi               (abs)        0000
___heap_lo               (abs)        0000
___int_sp                stack        0000
___int_stack_hi          stack        0000
___int_stack_lo          stack        0000
___latbits               (abs)        0002
___sp                    stack        0000
___stack_hi              stack        0000
___stack_lo              stack        0000
___stackhi               (abs)        0000
___stacklo               (abs)        0000
__end_of_PIC_Config      text26       01A3
__end_of_SP_CAO          text22       026A
__end_of_SP_THAP         text19       028C
__end_of_SP_VUA          text16       02AE
__end_of___awdiv         text8        0523
__end_of___awmod         text7        0462
__end_of__initialization cinit        07FC
__end_of__stringtab      strings      0013
__end_of_abs             text6        0146
__end_of_delayTimer0     text25       0208
__end_of_fputc           text4        04BC
__end_of_lcd_busy        text15       0300
__end_of_lcd_gotoxy      text11       0371
__end_of_lcd_init        text12       05C0
__end_of_lcd_put_byte    text13       0337
__end_of_lcd_put_nibble  text14       03B1
__end_of_lcd_putc        text10       0409
__end_of_lcd_puts        text9        02D4
__end_of_main            maintext     07EB
__end_of_putch           text5        012D
__end_of_servo_xoay_G    text24       01BB
__end_of_servo_xoay_G2   text21       01D3
__end_of_servo_xoay_G3   text18       01EB
__end_of_servo_xoay_P    text23       015D
__end_of_servo_xoay_P2   text20       0174
__end_of_servo_xoay_P3   text17       018B
__end_of_sprintf         text1        0227
__end_of_trai_tim        strings      001B
__end_of_vfpfcnvrt       text3        06AD
__end_of_vfprintf        text2        0248
__initialization         cinit        07EB
__pbssBANK0              bssBANK0     005C
__pbssBANK1              bssBANK1     00A0
__pcstackBANK0           cstackBANK0  0020
__pcstackCOMMON          cstackCOMMON 0070
__pmaintext              maintext     06AD
__pstrings               strings      0003
__ptext1                 text1        0208
__ptext10                text10       03B1
__ptext11                text11       0337
__ptext12                text12       0523
__ptext13                text13       0300
__ptext14                text14       0371
__ptext15                text15       02D4
__ptext16                text16       028C
__ptext17                text17       0174
__ptext18                text18       01D3
__ptext19                text19       026A
__ptext2                 text2        0227
__ptext20                text20       015D
__ptext21                text21       01BB
__ptext22                text22       0248
__ptext23                text23       0146
__ptext24                text24       01A3
__ptext25                text25       01EB
__ptext26                text26       018B
__ptext3                 text3        05C0
__ptext4                 text4        0462
__ptext5                 text5        0125
__ptext6                 text6        0135
__ptext7                 text7        0409
__ptext8                 text8        04BC
__ptext9                 text9        02AE
__stringbase             strings      0012
__stringtab              strings      0003
_abs                     text6        0135
_dbuf                    bssBANK1     00A0
_delayTimer0             text25       01EB
_flag_cao                bssBANK0     0064
_flag_thap               bssBANK0     0063
_flag_tong               bssBANK0     0061
_flag_vua                bssBANK0     0062
_flags                   bssBANK0     0060
_fputc                   text4        0462
_lcd_busy                text15       02D4
_lcd_gotoxy              text11       0337
_lcd_init                text12       0523
_lcd_put_byte            text13       0300
_lcd_put_nibble          text14       0371
_lcd_putc                text10       03B1
_lcd_puts                text9        02AE
_main                    maintext     06AD
_prec                    bssBANK0     005E
_putch                   text5        0125
_servo_xoay_G            text24       01A3
_servo_xoay_G2           text21       01BB
_servo_xoay_G3           text18       01D3
_servo_xoay_P            text23       0146
_servo_xoay_P2           text20       015D
_servo_xoay_P3           text17       0174
_sp_cao                  bssBANK0     0068
_sp_thap                 bssBANK0     0067
_sp_vua                  bssBANK0     0066
_sprintf                 text1        0208
_tong                    bssBANK0     0065
_trai_tim                strings      0013
_vfpfcnvrt               text3        05C0
_vfprintf                text2        0227
_width                   bssBANK0     005C
abs@a                    cstackCOMMON 0076
btemp                    (abs)        007E
clear_ram0               clrtext      012D
delayTimer0@t            cstackCOMMON 0070
end_of_initialization    cinit        07FC
fputc@c                  cstackBANK0  0020
fputc@fp                 cstackBANK0  0022
intlevel0                functab      0000
intlevel1                functab      0000
intlevel2                functab      0000
intlevel3                functab      0000
intlevel4                functab      0000
intlevel5                functab      0000
lcd_busy@busy            cstackCOMMON 0071
lcd_gotoxy@address       cstackCOMMON 0077
lcd_gotoxy@col           cstackCOMMON 0078
lcd_gotoxy@row           cstackCOMMON 0076
lcd_put_byte@b           cstackCOMMON 0073
lcd_put_byte@rs          cstackCOMMON 0075
lcd_put_nibble@b         cstackCOMMON 0071
lcd_put_nibble@temp      cstackCOMMON 0072
lcd_putc@c               cstackCOMMON 007B
lcd_puts@s               cstackCOMMON 007C
main@buffer              cstackBANK0  004A
main@i                   cstackBANK0  005A
putch@c                  cstackCOMMON 007C
reset_vec                reset_vec    0000
sprintf@ap               cstackBANK0  003B
sprintf@f                cstackBANK0  003D
sprintf@fmt              cstackBANK0  0038
sprintf@s                cstackBANK0  003C
start                    init         0000
start_initialization     cinit        07EB
vfpfcnvrt@ap             cstackBANK0  0029
vfpfcnvrt@c              cstackBANK0  0033
vfpfcnvrt@convarg        cstackBANK0  002F
vfpfcnvrt@cp             cstackBANK0  002E
vfpfcnvrt@done           cstackBANK0  002C
vfpfcnvrt@fmt            cstackBANK0  0028
vfpfcnvrt@fp             cstackBANK0  002D
vfprintf@ap              cstackBANK0  0035
vfprintf@cfmt            cstackBANK0  0037
vfprintf@fmt             cstackBANK0  0034
vfprintf@fp              cstackBANK0  0036
wtemp0                   (abs)        007E


MODULE INFORMATION

Module		Function		Class		Link	Load	Size
C:\Program Files\Microchip\xc8\v2.45\pic\sources\c99\common\nf_sprintf.c
		_sprintf       		CODE           	0208	0000	31

C:\Program Files\Microchip\xc8\v2.45\pic\sources\c99\common\nf_sprintf.c estimated size: 31

C:\Program Files\Microchip\xc8\v2.45\pic\sources\c99\common\awmod.c
		___awmod       		CODE           	0409	0000	89

C:\Program Files\Microchip\xc8\v2.45\pic\sources\c99\common\awmod.c estimated size: 89

TEST_LCD_SERVO.c
		_SP_VUA        		CODE           	028C	0000	34
		_delayTimer0   		CODE           	01EB	0000	29
		_main          		CODE           	06AD	0000	318
		_SP_THAP       		CODE           	026A	0000	34
		_SP_CAO        		CODE           	0248	0000	34
		_servo_xoay_G  		CODE           	01A3	0000	24
		_servo_xoay_P  		CODE           	0146	0000	23
		_servo_xoay_G2 		CODE           	01BB	0000	24
		_servo_xoay_G3 		CODE           	01D3	0000	24
		_servo_xoay_P2 		CODE           	015D	0000	23
		_servo_xoay_P3 		CODE           	0174	0000	23
		_PIC_Config    		CODE           	018B	0000	24

TEST_LCD_SERVO.c estimated size: 614

shared
		__stringtab    		STRING         	0003	0000	16
		_trai_tim      		STRING         	0013	0000	8
		__initialization		CODE           	07EB	0000	17

shared estimated size: 41

C:\Program Files\Microchip\xc8\v2.45\pic\sources\c99\common\abs.c
		_abs           		CODE           	0135	0000	17

C:\Program Files\Microchip\xc8\v2.45\pic\sources\c99\common\abs.c estimated size: 17

lcd.c
		_lcd_busy      		CODE           	02D4	0000	44
		_lcd_putc      		CODE           	03B1	0000	88
		_lcd_puts      		CODE           	02AE	0000	38
		_putch         		CODE           	0125	0000	8
		_lcd_put_byte  		CODE           	0300	0000	55
		_lcd_put_nibble		CODE           	0371	0000	64
		_lcd_gotoxy    		CODE           	0337	0000	58
		_lcd_init      		CODE           	0523	0000	157

lcd.c estimated size: 512

C:\Program Files\Microchip\xc8\v2.45\pic\sources\c99\common\nf_fputc.c
		_fputc         		CODE           	0462	0000	90

C:\Program Files\Microchip\xc8\v2.45\pic\sources\c99\common\nf_fputc.c estimated size: 90

C:\Program Files\Microchip\xc8\v2.45\pic\sources\c99\common\doprnt.c
		_vfpfcnvrt     		CODE           	05C0	0000	237
		_vfprintf      		CODE           	0227	0000	33

C:\Program Files\Microchip\xc8\v2.45\pic\sources\c99\common\doprnt.c estimated size: 270

C:\Program Files\Microchip\xc8\v2.45\pic\sources\c99\common\awdiv.c
		___awdiv       		CODE           	04BC	0000	103

C:\Program Files\Microchip\xc8\v2.45\pic\sources\c99\common\awdiv.c estimated size: 103

